ნამიბიის ქალაქების სია,ქალაქები_ქვეყნების_მიხედვით
პაკისტანის ქალაქების სია,ქალაქები_ქვეყნების_მიხედვით
ჩრდილოეთ კორეის ქალაქების სია,ქალაქები_ქვეყნების_მიხედვით
ავსტრალიის ქალაქები,ავსტრალიის ქალაქები
ავსტრალიის ქალაქები მოსახლეობის მიხედვით,ავსტრალიის ქალაქები
ავსტრიის ქალაქების სია,ავსტრიის ქალაქები
აიზენერცი,ავსტრიის ქალაქები
აიზენშტადტი,ავსტრიის ქალაქები
ამშტეტენი,ავსტრიის ქალაქები
ანსფელდენი,ავსტრიის ქალაქები
აშბაჰ-მარქტი,ავსტრიის ქალაქები
ბად-გროსპერტოლცი,ავსტრიის ქალაქები
ბად-იშლი,ავსტრიის ქალაქები
ბად-ფესლაუ,ავსტრიის ქალაქები
ბადენი (ქვემო ავსტრია),ავსტრიის ქალაქები
ავღანეთის ქალაქების სია,ავღანეთის ქალაქები
ადრასკანი,ავღანეთის ქალაქები
ბაგრამი,ავღანეთის ქალაქები
თალიკანი,ავღანეთის ქალაქები
მაზარ-ი-შარიფი,ავღანეთის ქალაქები
სარი-პული,ავღანეთის ქალაქები
ფაიზაბადი (ავღანეთი),ავღანეთის ქალაქები
ფულ-ი-ხუმრი,ავღანეთის ქალაქები
ქაბული,ავღანეთის ქალაქები
ღაზნი,ავღანეთის ქალაქები
აზერბაიჯანის ქალაქების სია,აზერბაიჯანის ქალაქები
ასტარა,აზერბაიჯანის ქალაქები
აღდამი,აზერბაიჯანის ქალაქები
აღდაში,აზერბაიჯანის ქალაქები
აღსთაფა (ქალაქი),აზერბაიჯანის ქალაქები
აღსუ,აზერბაიჯანის ქალაქები
აღჯაბადი,აზერბაიჯანის ქალაქები
ბაბექი (ქალაქი),აზერბაიჯანის ქალაქები
ბარდა (ქალაქი),აზერბაიჯანის ქალაქები
ბაქო,აზერბაიჯანის ქალაქები
ბერატი,ალბანეთის ქალაქები
გიროკასტრა,ალბანეთის ქალაქები
დურესი,ალბანეთის ქალაქები
ელბასანი,ალბანეთის ქალაქები
ვლორა,ალბანეთის ქალაქები
ლეჟა,ალბანეთის ქალაქები
ტირანა,ალბანეთის ქალაქები
შკოდერი,ალბანეთის ქალაქები
ალჟირის ქალაქები,ალჟირის ქალაქები
ალჟირი (ქალაქი),ალჟირის ქალაქები
კასბა,ალჟირის ქალაქები
მოსთაღანემი,ალჟირის ქალაქები
ორანი,ალჟირის ქალაქები
ტიპასა,ალჟირის ქალაქები
პაგო-პაგო,ამერიკის სამოის ქალაქები
არმიდეილი,ახალი სამხრეთ უელსის ქალაქები
თარგი:ახალი სამხრეთი უელსის ქალაქები,ახალი სამხრეთ უელსის ქალაქები
ბათერსტი,ახალი სამხრეთ უელსის ქალაქები
ბლუ-მაუნტინს-სიტი,ახალი სამხრეთ უელსის ქალაქები
ბომადერი,ახალი სამხრეთ უელსის ქალაქები
ბროკენ-ჰილი (ავსტრალია),ახალი სამხრეთ უელსის ქალაქები
გოსფორდი,ახალი სამხრეთ უელსის ქალაქები
გოულბერნი (ავსტრალია),ახალი სამხრეთ უელსის ქალაქები
გრაფტონი (ავსტრალია),ახალი სამხრეთ უელსის ქალაქები
გრიფითი (ავსტრალია),ახალი სამხრეთ უელსის ქალაქები
ბრიზბენი,ბრიზბენი
არმადალე,დასავლეთ ავსტრალიის ქალაქები
ბანბერი,დასავლეთ ავსტრალიის ქალაქები
ბეისუოთა,დასავლეთ ავსტრალიის ქალაქები
ბელმონტი,დასავლეთ ავსტრალიის ქალაქები
ბოულდერი,დასავლეთ ავსტრალიის ქალაქები
ბრუმი,დასავლეთ ავსტრალიის ქალაქები
ბუსელტონი,დასავლეთ ავსტრალიის ქალაქები
გოსნელსი,დასავლეთ ავსტრალიის ქალაქები
ესპერანსე,დასავლეთ ავსტრალიის ქალაქები
ვანერუ,დასავლეთ ავსტრალიის ქალაქები
არარატი (ავსტრალია),ვიქტორიას ქალაქები
ბალარატი,ვიქტორიას ქალაქები
ბენალა,ვიქტორიას ქალაქები
ბენდიგო,ვიქტორიას ქალაქები
დანდენონგი,ვიქტორიას ქალაქები
თარგი:ვიქტორიას ქალაქები,ვიქტორიას ქალაქები
კაუენჯი,ვიქტორიას ქალაქები
ლატრობეს ველი,ვიქტორიას ქალაქები
მელბურნი,ვიქტორიას ქალაქები
მელტონი,ვიქტორიას ქალაქები
კანბერა,კანბერა
ბანდაბერგი,კუინზლენდის ქალაქები
ბრიზბენი,კუინზლენდის ქალაქები
გლადსტონი,კუინზლენდის ქალაქები
გოლდ-კოსტი,კუინზლენდის ქალაქები
იფსუიჩი (კუინზლენდი),კუინზლენდის ქალაქები
კალაუნდრა,კუინზლენდის ქალაქები
კერნსი,კუინზლენდის ქალაქები
კუინზლენდი,კუინზლენდის ქალაქები
თარგი:კუინზლენდის ქალაქები,კუინზლენდის ქალაქები
ლოგანი (ქალაქი),კუინზლენდის ქალაქები
მელბურნი,მელბურნი
ავსტრალიის ღია პირველობა,მელბურნი
სამეფო საგამოფენო დარბაზი,მელბურნი
ადელაიდა,სამხრეთ ავსტრალიის ქალაქები
ვიქტორ-ჰარბორი,სამხრეთ ავსტრალიის ქალაქები
მაუნტ-გამბირი,სამხრეთ ავსტრალიის ქალაქები
მურეი-ბრიჯი,სამხრეთ ავსტრალიის ქალაქები
პორტ-ლინკოლნი,სამხრეთ ავსტრალიის ქალაქები
პორტ-ოგასტა,სამხრეთ ავსტრალიის ქალაქები
პორტ-პირი,სამხრეთ ავსტრალიის ქალაქები
უაიალა,სამხრეთ ავსტრალიის ქალაქები
პარლამენტის შენობა (კანბერა),კანბერის შენობა-ნაგებობები
ძველი პარლამენტის შენობა (კანბერა),კანბერის შენობა-ნაგებობები
ავსტრალიის ღია პირველობა,ავსტრალიის ღია პირველობა ჩოგბურთში
ანდრე აგასი,ავსტრალიის ღია პირველობის ჩემპიონები ჩოგბურთში
ვიქტორია აზარენკა,ავსტრალიის ღია პირველობის ჩემპიონები ჩოგბურთში
ბორის ბეკერი,ავსტრალიის ღია პირველობის ჩემპიონები ჩოგბურთში
შტეფი გრაფი,ავსტრალიის ღია პირველობის ჩემპიონები ჩოგბურთში
ლინდზი დევენპორტი,ავსტრალიის ღია პირველობის ჩემპიონები ჩოგბურთში
სტეფან ედბერგი,ავსტრალიის ღია პირველობის ჩემპიონები ჩოგბურთში
ჟუსტინ ენენი,ავსტრალიის ღია პირველობის ჩემპიონები ჩოგბურთში
სტანისლას ვავრინკა,ავსტრალიის ღია პირველობის ჩემპიონები ჩოგბურთში
მატს ვილანდერი,ავსტრალიის ღია პირველობის ჩემპიონები ჩოგბურთში
გილიერმო ვილასი,ავსტრალიის ღია პირველობის ჩემპიონები ჩოგბურთში
აფრიკის ქვეყნების სია,აფრიკის ქვეყნები
ალჟირი,აფრიკის ქვეყნები
ანგოლა,აფრიკის ქვეყნები
ბენინი,აფრიკის ქვეყნები
ბოტსვანა,აფრიკის ქვეყნები
ბურკინა-ფასო,აფრიკის ქვეყნები
ბურუნდი,აფრიკის ქვეყნები
გაბონი,აფრიკის ქვეყნები
გამბია,აფრიკის ქვეყნები
განა,აფრიკის ქვეყნები
აზიის ქვეყნების სია მოსახლეობის მიხედვით,აზიის ქვეყნები
ავღანეთი,აზიის ქვეყნები
აზერბაიჯანი,აზიის ქვეყნები
აზიის სუვერენულ სახელმწიფოთა სია,აზიის ქვეყნები
არაბთა გაერთიანებული საამიროები,აზიის ქვეყნები
აღმოსავლეთი ტიმორი,აზიის ქვეყნები
ბანგლადეში,აზიის ქვეყნები
ბანგლადეშის ოლქები,აზიის ქვეყნები
ბაჰრეინი,აზიის ქვეყნები
ბრიტანეთის ინდოეთის ოკეანის ტერიტორია,აზიის ქვეყნები
ევროპის ქვეყნების სია მოსახლეობის მიხედვით,ევროპის ქვეყნები
ავსტრია,ევროპის ქვეყნები
აზერბაიჯანი,ევროპის ქვეყნები
ალბანეთი,ევროპის ქვეყნები
ანდორა,ევროპის ქვეყნები
ბელარუსი,ევროპის ქვეყნები
ბელგია,ევროპის ქვეყნები
ბოსნია და ჰერცეგოვინა,ევროპის ქვეყნები
ბულგარეთი,ევროპის ქვეყნები
გაერთიანებული სამეფო,ევროპის ქვეყნები
ჩრდილოეთ ამერიკის ქვეყნების სია,ჩრდილოეთ ამერიკის ქვეყნები
ჩრდილოეთ ამერიკის ქვეყნების სია მოსახლეობის მიხედვით,ჩრდილოეთ ამერიკის ქვეყნები
ამერიკის შეერთებული შტატები,ჩრდილოეთ ამერიკის ქვეყნები
ბელიზი,ჩრდილოეთ ამერიკის ქვეყნები
ბერმუდის კუნძულები,ჩრდილოეთ ამერიკის ქვეყნები
გვადელუპა,ჩრდილოეთ ამერიკის ქვეყნები
გვატემალა,ჩრდილოეთ ამერიკის ქვეყნები
დომინიკა,ჩრდილოეთ ამერიკის ქვეყნები
კანადა,ჩრდილოეთ ამერიკის ქვეყნები
კოსტა-რიკა,ჩრდილოეთ ამერიკის ქვეყნები
თარგი:ოკეანეთის ქვეყნები და ტერიტორიები,ოკეანეთის ქვეყნები
ოკეანეთის ქვეყნების სია მოსახლეობის მიხედვით,ოკეანეთის ქვეყნები
ავსტრალია,ოკეანეთის ქვეყნები
ახალი ზელანდია,ოკეანეთის ქვეყნები
ახალი კალედონია,ოკეანეთის ქვეყნები
გუამი,ოკეანეთის ქვეყნები
ვანუატუ,ოკეანეთის ქვეყნები
კირიბატი,ოკეანეთის ქვეყნები
კუკის კუნძულები,ოკეანეთის ქვეყნები
მარშალის კუნძულები,ოკეანეთის ქვეყნები
სამხრეთ ამერიკის ქვეყნების სია მოსახლეობის მიხედვით,სამხრეთ ამერიკის ქვეყნები
არგენტინა,სამხრეთ ამერიკის ქვეყნები
ბოლივია,სამხრეთ ამერიკის ქვეყნები
ბრაზილია,სამხრეთ ამერიკის ქვეყნები
გაიანა,სამხრეთ ამერიკის ქვეყნები
ეკვადორი,სამხრეთ ამერიკის ქვეყნები
ვენესუელა,სამხრეთ ამერიკის ქვეყნები
კოლუმბია,სამხრეთ ამერიკის ქვეყნები
პარაგვაი,სამხრეთ ამერიკის ქვეყნები
პერუ,სამხრეთ ამერიკის ქვეყნები
